05:14:11 **** Incremental Build of configuration Debug for project Lab3 ****
make all 
Building file: ../startup/startup_stm32.s
Invoking: MCU GCC Assembler
C:\Users\maxch\OneDrive\Desktop\MCSL\Lab3\Debug
arm-none-eabi-as -mcpu=cortex-m4 -mthumb -mfloat-abi=hard -mfpu=fpv4-sp-d16 -g -o "startup/startup_stm32.o" "../startup/startup_stm32.s"
Finished building: ../startup/startup_stm32.s
 
Building file: ../startup/sysmem.c
Invoking: MCU GCC Compiler
C:\Users\maxch\OneDrive\Desktop\MCSL\Lab3\Debug
arm-none-eabi-gcc -mcpu=cortex-m4 -mthumb -mfloat-abi=hard -mfpu=fpv4-sp-d16 -DSTM32 -DSTM32L4 -DSTM32L476RGTx -DNUCLEO_L476RG -DDEBUG -O0 -g3 -Wall -fmessage-length=0 -ffunction-sections -c -MMD -MP -MF"startup/sysmem.d" -MT"startup/sysmem.o" -o "startup/sysmem.o" "../startup/sysmem.c"
Finished building: ../startup/sysmem.c
 
Building file: ../src/main3.1.s
Invoking: MCU GCC Assembler
C:\Users\maxch\OneDrive\Desktop\MCSL\Lab3\Debug
arm-none-eabi-as -mcpu=cortex-m4 -mthumb -mfloat-abi=hard -mfpu=fpv4-sp-d16 -g -o "src/main3.1.o" "../src/main3.1.s"
Finished building: ../src/main3.1.s
 
Building file: ../src/main3.2.s
Invoking: MCU GCC Assembler
C:\Users\maxch\OneDrive\Desktop\MCSL\Lab3\Debug
arm-none-eabi-as -mcpu=cortex-m4 -mthumb -mfloat-abi=hard -mfpu=fpv4-sp-d16 -g -o "src/main3.2.o" "../src/main3.2.s"
Finished building: ../src/main3.2.s
 
Building target: Lab3.elf
Invoking: MCU GCC Linker
arm-none-eabi-gcc -mcpu=cortex-m4 -mthumb -mfloat-abi=hard -mfpu=fpv4-sp-d16 -T"C:\Users\maxch\OneDrive\Desktop\MCSL\Lab3\LinkerScript.ld" -Wl,-Map=output.map -Wl,--gc-sections -o "Lab3.elf" @"objects.list"   -lm
Finished building target: Lab3.elf
 
make --no-print-directory post-build
Generating binary and Printing size information:
arm-none-eabi-objcopy -O binary "Lab3.elf" "Lab3.bin"
arm-none-eabi-size "Lab3.elf"
   text	   data	    bss	    dec	    hex	filename
   1160	   1216	   1092	   3468	    d8c	Lab3.elf
 

05:14:13 Build Finished (took 1s.300ms)

